newton linear 2d: Ok [2.000000000000; 3.000000000000]
newton quadratic x0=1: Ok [1.414213562373]
newton quadratic x0=0: Error Diverged
jac canary at origin, max entry error < 1e-6: true
jac canary at y0, max entry error relative to |J_ij| < 1e-6: true
bdf1 canary t=1 dt=2e-6: max error 3.68e-07 < 1e-06: true
bdf2 logistic [0,5]: error dt=0.01 3.116e-06, dt=0.005 7.810e-07, ratio 3.99 in [3.5, 4.5]: true
vdp mu=1000 [0,2000] tol=1e-4: Ok at t=2000, rejected >= 1: true, y finite: true
robertson t=1e4 tol=1e-6: |y1 - ref| < 1e-3: true, |y1 + y2 + y3 - 1| < 1e-8: true
bdf2 canary t=1 dt=1e-3 (h lambda = 10): max error 1.53e-07 < 1e-06: true
jac non-symmetric at (1, 2, 3), max entry error relative to |J_ij| < 1e-6: true
linalg zero leading pivot: [1.000000000000; 2.000000000000; 3.000000000000]
linalg tiny leading pivot: [1.000000000000; 1.000000000000]
adaptive blow-up y' = y^2 from y(0)=1 to t=2: Error StepRejected 1
adaptive rhs NaN past t=0.5: Error StepRejected 46
adaptive dt0 = dt_max = 1e30 on [0, 1]: Ok at t=1
adaptive empty span: Ok at t=1
adaptive t_end < t0: Invalid_argument Adaptive.integrate: t_end is before t0
adaptive dt0 = 0: Invalid_argument Adaptive.integrate: dt0 and dt_max must be positive
bdf1 dt = 0: Invalid_argument Stepper.fixed: need dt > 0 and t_end >= t0
adaptive logistic [0,5] dt0=0.5 tol=1e-6: accepted 1109, rejected 374, max error 8.96e-08
adaptive logistic [0,5] dt_max=1e-3 tol=1e-6: accepted 5021, rejected 0
robertson t=1e4 tol=1e-6 accuracy: |y1 - ref| = 7.2e-07 < 1e-5: true
newton step that converges into an overflow: Error Nan
