newton linear 2d: Ok [2.000000000000; 3.000000000000]
newton quadratic x0=1: Ok [1.414213562373]
newton quadratic x0=0: Error Diverged
jac canary at origin, max entry error < 1e-6: true
jac canary at y0, max entry error relative to |J_ij| < 1e-6: true
bdf1 canary t=1 dt=2e-6: max error 3.68e-07 < 1e-06: true
bdf2 logistic [0,5]: error dt=0.01 3.116e-06, dt=0.005 7.810e-07, ratio 3.99 in [3.5, 4.5]: true
vdp mu=1000 [0,2000] tol=1e-4: Ok at t=2000, rejected >= 1: true, y finite: true
robertson t=1e4 tol=1e-6: |y1 - ref| < 1e-3: true, |y1 + y2 + y3 - 1| < 1e-8: true
